mono_repo_path:
    - ""
global_env:
    GO111MODULE: "on"
    GONOPROXY: '*.gitlab.com,*.gitee.com'
    GONOSUMDB: '*.gitlab.com,*.gitee.com'
    GOPRIVATE: '*.gitlab.com,*.gitee.com'
